
(dotnet:19938): Gtk-WARNING **: 14:48:46.042: Widget reports min width of 110 for height of 602, but overall min width of 165

(dotnet:19938): Gtk-WARNING **: 14:48:46.042: Widget reports min width of 110 for height of 602, but overall min width of 165

(dotnet:19938): Gtk-WARNING **: 14:48:46.042: Widget reports min width of 110 for height of 602, but overall min width of 165

(dotnet:19938): Gtk-WARNING **: 14:48:46.042: Widget reports min width of 459 for height of 602, but overall min width of 514

(dotnet:19938): Gtk-WARNING **: 14:48:46.052: Widget reports min width of 110 for height of 602, but overall min width of 165

(dotnet:19938): Gtk-WARNING **: 14:48:46.052: Widget reports min width of 110 for height of 602, but overall min width of 165

(dotnet:19938): Gtk-WARNING **: 14:48:46.052: Widget reports min width of 110 for height of 602, but overall min width of 165

(dotnet:19938): Gtk-WARNING **: 14:48:46.052: Widget reports min width of 459 for height of 602, but overall min width of 514

(dotnet:19938): Gtk-WARNING **: 14:48:46.084: Widget reports min width of 459 for height of 602, but overall min width of 514

(dotnet:19938): Gtk-WARNING **: 14:48:53.311: Widget reports min width of 110 for height of 603, but overall min width of 165

(dotnet:19938): Gtk-WARNING **: 14:48:53.312: Widget reports min width of 110 for height of 603, but overall min width of 165

(dotnet:19938): Gtk-WARNING **: 14:48:53.312: Widget reports min width of 110 for height of 603, but overall min width of 165

(dotnet:19938): Gtk-WARNING **: 14:48:53.312: Widget reports min width of 459 for height of 603, but overall min width of 514

(dotnet:19938): Gtk-WARNING **: 14:48:53.334: Widget reports min width of 110 for height of 609, but overall min width of 165

(dotnet:19938): Gtk-WARNING **: 14:48:53.334: Widget reports min width of 110 for height of 609, but overall min width of 165

(dotnet:19938): Gtk-WARNING **: 14:48:53.334: Widget reports min width of 110 for height of 609, but overall min width of 165

(dotnet:19938): Gtk-WARNING **: 14:48:53.334: Widget reports min width of 459 for height of 609, but overall min width of 514

(dotnet:19938): Gtk-WARNING **: 14:48:53.368: Widget reports min width of 110 for height of 618, but overall min width of 165

(dotnet:19938): Gtk-WARNING **: 14:48:53.369: Widget reports min width of 110 for height of 618, but overall min width of 165

(dotnet:19938): Gtk-WARNING **: 14:48:53.369: Widget reports min width of 110 for height of 618, but overall min width of 165

(dotnet:19938): Gtk-WARNING **: 14:48:53.369: Widget reports min width of 459 for height of 618, but overall min width of 514

(dotnet:19938): Gtk-WARNING **: 14:48:53.397: Widget reports min width of 110 for height of 636, but overall min width of 165

(dotnet:19938): Gtk-WARNING **: 14:48:53.397: Widget reports min width of 110 for height of 636, but overall min width of 165

(dotnet:19938): Gtk-WARNING **: 14:48:53.397: Widget reports min width of 110 for height of 636, but overall min width of 165

(dotnet:19938): Gtk-WARNING **: 14:48:53.397: Widget reports min width of 459 for height of 636, but overall min width of 514

(dotnet:19938): Gtk-WARNING **: 14:48:53.425: Widget reports min width of 110 for height of 645, but overall min width of 165

(dotnet:19938): Gtk-WARNING **: 14:48:53.425: Widget reports min width of 110 for height of 645, but overall min width of 165

(dotnet:19938): Gtk-WARNING **: 14:48:53.425: Widget reports min width of 110 for height of 645, but overall min width of 165

(dotnet:19938): Gtk-WARNING **: 14:48:53.425: Widget reports min width of 459 for height of 645, but overall min width of 514

(dotnet:19938): Gtk-WARNING **: 14:48:53.452: Widget reports min width of 110 for height of 655, but overall min width of 165

(dotnet:19938): Gtk-WARNING **: 14:48:53.452: Widget reports min width of 110 for height of 655, but overall min width of 165

(dotnet:19938): Gtk-WARNING **: 14:48:53.452: Widget reports min width of 110 for height of 655, but overall min width of 165

(dotnet:19938): Gtk-WARNING **: 14:48:53.452: Widget reports min width of 459 for height of 655, but overall min width of 514

(dotnet:19938): Gtk-WARNING **: 14:48:53.494: Widget reports min width of 110 for height of 664, but overall min width of 165

(dotnet:19938): Gtk-WARNING **: 14:48:53.494: Widget reports min width of 110 for height of 664, but overall min width of 165

(dotnet:19938): Gtk-WARNING **: 14:48:53.494: Widget reports min width of 110 for height of 664, but overall min width of 165

(dotnet:19938): Gtk-WARNING **: 14:48:53.494: Widget reports min width of 459 for height of 664, but overall min width of 514

(dotnet:19938): Gtk-WARNING **: 14:48:53.522: Widget reports min width of 110 for height of 665, but overall min width of 165

(dotnet:19938): Gtk-WARNING **: 14:48:53.522: Widget reports min width of 110 for height of 665, but overall min width of 165

(dotnet:19938): Gtk-WARNING **: 14:48:53.522: Widget reports min width of 110 for height of 665, but overall min width of 165

(dotnet:19938): Gtk-WARNING **: 14:48:53.522: Widget reports min width of 459 for height of 665, but overall min width of 514

(dotnet:19938): Gtk-WARNING **: 14:48:53.563: Widget reports min width of 110 for height of 666, but overall min width of 165

(dotnet:19938): Gtk-WARNING **: 14:48:53.563: Widget reports min width of 110 for height of 666, but overall min width of 165

(dotnet:19938): Gtk-WARNING **: 14:48:53.563: Widget reports min width of 110 for height of 666, but overall min width of 165

(dotnet:19938): Gtk-WARNING **: 14:48:53.563: Widget reports min width of 459 for height of 666, but overall min width of 514

(dotnet:19938): Gtk-WARNING **: 14:48:53.584: Widget reports min width of 110 for height of 667, but overall min width of 165

(dotnet:19938): Gtk-WARNING **: 14:48:53.584: Widget reports min width of 110 for height of 667, but overall min width of 165

(dotnet:19938): Gtk-WARNING **: 14:48:53.584: Widget reports min width of 110 for height of 667, but overall min width of 165

(dotnet:19938): Gtk-WARNING **: 14:48:53.584: Widget reports min width of 459 for height of 667, but overall min width of 514

(dotnet:19938): Gtk-WARNING **: 14:49:03.723: Widget reports min width of 459 for height of 618, but overall min width of 514

(dotnet:20061): Gtk-WARNING **: 14:49:12.987: Widget reports min width of 110 for height of 618, but overall min width of 165

(dotnet:20061): Gtk-WARNING **: 14:49:12.987: Widget reports min width of 110 for height of 618, but overall min width of 165

(dotnet:20061): Gtk-WARNING **: 14:49:12.987: Widget reports min width of 110 for height of 618, but overall min width of 165

(dotnet:20061): Gtk-WARNING **: 14:49:12.987: Widget reports min width of 459 for height of 618, but overall min width of 514

(dotnet:20061): Gtk-WARNING **: 14:49:12.997: Widget reports min width of 110 for height of 618, but overall min width of 165

(dotnet:20061): Gtk-WARNING **: 14:49:12.997: Widget reports min width of 110 for height of 618, but overall min width of 165

(dotnet:20061): Gtk-WARNING **: 14:49:12.997: Widget reports min width of 110 for height of 618, but overall min width of 165

(dotnet:20061): Gtk-WARNING **: 14:49:12.997: Widget reports min width of 459 for height of 618, but overall min width of 514

(dotnet:20061): Gtk-WARNING **: 14:49:13.031: Widget reports min width of 459 for height of 618, but overall min width of 514

(dotnet:20061): Gtk-WARNING **: 14:49:30.645: Widget reports min width of 459 for height of 618, but overall min width of 514

(dotnet:20061): Gtk-WARNING **: 14:49:33.424: Widget reports min width of 459 for height of 618, but overall min width of 514

(dotnet:20061): Gtk-WARNING **: 14:49:40.395: Widget reports min width of 459 for height of 618, but overall min width of 514

(dotnet:20061): Gtk-WARNING **: 14:49:51.460: Widget reports min width of 459 for height of 618, but overall min width of 514

(dotnet:20061): Gtk-WARNING **: 14:49:57.251: Widget reports min width of 459 for height of 618, but overall min width of 514

(dotnet:20061): Gtk-WARNING **: 14:50:03.973: Widget reports min width of 459 for height of 618, but overall min width of 514

(dotnet:20061): Gtk-WARNING **: 14:50:11.128: Widget reports min width of 459 for height of 618, but overall min width of 514

(dotnet:20061): Gtk-WARNING **: 14:50:17.554: Widget reports min width of 459 for height of 618, but overall min width of 514

(dotnet:20061): Gtk-WARNING **: 14:50:18.579: Widget reports min width of 459 for height of 618, but overall min width of 514

(dotnet:20061): Gtk-WARNING **: 14:50:25.348: Widget reports min width of 459 for height of 618, but overall min width of 514

(dotnet:20061): Gtk-WARNING **: 14:50:33.275: Widget reports min width of 459 for height of 618, but overall min width of 514

(dotnet:20061): Gtk-WARNING **: 14:50:33.279: Widget reports min width of 459 for height of 618, but overall min width of 514

(dotnet:20061): Gtk-WARNING **: 14:50:33.286: Widget reports min width of 459 for height of 618, but overall min width of 514

(dotnet:20061): Gtk-WARNING **: 14:50:33.293: Widget reports min width of 459 for height of 618, but overall min width of 514

(dotnet:20061): Gtk-WARNING **: 14:50:33.300: Widget reports min width of 459 for height of 618, but overall min width of 514

(dotnet:20061): Gtk-WARNING **: 14:50:33.307: Widget reports min width of 459 for height of 618, but overall min width of 514

(dotnet:20061): Gtk-WARNING **: 14:50:33.314: Widget reports min width of 459 for height of 618, but overall min width of 514

(dotnet:20061): Gtk-WARNING **: 14:50:33.321: Widget reports min width of 459 for height of 618, but overall min width of 514

(dotnet:20061): Gtk-WARNING **: 14:50:33.328: Widget reports min width of 459 for height of 618, but overall min width of 514

(dotnet:20061): Gtk-WARNING **: 14:50:33.335: Widget reports min width of 459 for height of 618, but overall min width of 514

(dotnet:20061): Gtk-WARNING **: 14:50:33.342: Widget reports min width of 459 for height of 618, but overall min width of 514

(dotnet:20061): Gtk-WARNING **: 14:50:33.349: Widget reports min width of 459 for height of 618, but overall min width of 514

(dotnet:20061): Gtk-WARNING **: 14:50:33.356: Widget reports min width of 459 for height of 618, but overall min width of 514

(dotnet:20061): Gtk-WARNING **: 14:50:33.363: Widget reports min width of 459 for height of 618, but overall min width of 514

(dotnet:20061): Gtk-WARNING **: 14:50:33.376: Widget reports min width of 459 for height of 618, but overall min width of 514

(dotnet:20061): Gtk-WARNING **: 14:50:33.384: Widget reports min width of 459 for height of 618, but overall min width of 514

(dotnet:20061): Gtk-WARNING **: 14:50:33.397: Widget reports min width of 459 for height of 618, but overall min width of 514

(dotnet:20061): Gtk-WARNING **: 14:50:33.404: Widget reports min width of 459 for height of 618, but overall min width of 514

(dotnet:20061): Gtk-WARNING **: 14:50:33.418: Widget reports min width of 459 for height of 618, but overall min width of 514

(dotnet:20061): Gtk-WARNING **: 14:50:33.425: Widget reports min width of 459 for height of 618, but overall min width of 514

(dotnet:20061): Gtk-WARNING **: 14:50:33.439: Widget reports min width of 459 for height of 618, but overall min width of 514

(dotnet:20061): Gtk-WARNING **: 14:50:33.455: Widget reports min width of 459 for height of 618, but overall min width of 514

(dotnet:20061): Gtk-WARNING **: 14:50:33.462: Widget reports min width of 459 for height of 618, but overall min width of 514

(dotnet:20061): Gtk-WARNING **: 14:50:33.476: Widget reports min width of 459 for height of 618, but overall min width of 514

(dotnet:20061): Gtk-WARNING **: 14:50:33.490: Widget reports min width of 459 for height of 618, but overall min width of 514

(dotnet:20061): Gtk-WARNING **: 14:50:33.504: Widget reports min width of 459 for height of 618, but overall min width of 514

(dotnet:20061): Gtk-WARNING **: 14:50:33.518: Widget reports min width of 459 for height of 618, but overall min width of 514

(dotnet:20061): Gtk-WARNING **: 14:50:33.531: Widget reports min width of 459 for height of 618, but overall min width of 514

(dotnet:20061): Gtk-WARNING **: 14:51:17.750: Widget reports min width of 459 for height of 618, but overall min width of 514

(dotnet:20061): Gtk-WARNING **: 14:51:17.757: Widget reports min width of 459 for height of 618, but overall min width of 514

(dotnet:20061): Gtk-WARNING **: 14:51:17.761: Widget reports min width of 459 for height of 618, but overall min width of 514

(dotnet:20061): Gtk-WARNING **: 14:51:17.768: Widget reports min width of 459 for height of 618, but overall min width of 514

(dotnet:20061): Gtk-WARNING **: 14:51:17.775: Widget reports min width of 459 for height of 618, but overall min width of 514

(dotnet:20061): Gtk-WARNING **: 14:51:17.782: Widget reports min width of 459 for height of 618, but overall min width of 514

(dotnet:20061): Gtk-WARNING **: 14:51:17.789: Widget reports min width of 459 for height of 618, but overall min width of 514

(dotnet:20061): Gtk-WARNING **: 14:51:17.796: Widget reports min width of 459 for height of 618, but overall min width of 514

(dotnet:20061): Gtk-WARNING **: 14:51:17.803: Widget reports min width of 459 for height of 618, but overall min width of 514

(dotnet:20061): Gtk-WARNING **: 14:51:17.810: Widget reports min width of 459 for height of 618, but overall min width of 514

(dotnet:20061): Gtk-WARNING **: 14:51:17.817: Widget reports min width of 459 for height of 618, but overall min width of 514

(dotnet:20061): Gtk-WARNING **: 14:51:17.824: Widget reports min width of 459 for height of 618, but overall min width of 514

(dotnet:20061): Gtk-WARNING **: 14:51:17.832: Widget reports min width of 459 for height of 618, but overall min width of 514

(dotnet:20061): Gtk-WARNING **: 14:51:17.845: Widget reports min width of 459 for height of 618, but overall min width of 514

(dotnet:20061): Gtk-WARNING **: 14:51:17.852: Widget reports min width of 459 for height of 618, but overall min width of 514

(dotnet:20061): Gtk-WARNING **: 14:51:17.866: Widget reports min width of 459 for height of 618, but overall min width of 514

(dotnet:20061): Gtk-WARNING **: 14:51:17.873: Widget reports min width of 459 for height of 618, but overall min width of 514

(dotnet:20061): Gtk-WARNING **: 14:51:17.887: Widget reports min width of 459 for height of 618, but overall min width of 514

(dotnet:20061): Gtk-WARNING **: 14:51:17.894: Widget reports min width of 459 for height of 618, but overall min width of 514

(dotnet:20061): Gtk-WARNING **: 14:51:17.907: Widget reports min width of 459 for height of 618, but overall min width of 514

(dotnet:20061): Gtk-WARNING **: 14:51:17.919: Widget reports min width of 459 for height of 618, but overall min width of 514

(dotnet:20061): Gtk-WARNING **: 14:51:17.936: Widget reports min width of 459 for height of 618, but overall min width of 514

(dotnet:20061): Gtk-WARNING **: 14:51:17.942: Widget reports min width of 459 for height of 618, but overall min width of 514

(dotnet:20061): Gtk-WARNING **: 14:51:17.950: Widget reports min width of 459 for height of 618, but overall min width of 514

(dotnet:20061): Gtk-WARNING **: 14:51:17.963: Widget reports min width of 459 for height of 618, but overall min width of 514

(dotnet:20061): Gtk-WARNING **: 14:51:17.970: Widget reports min width of 459 for height of 618, but overall min width of 514

(dotnet:20061): Gtk-WARNING **: 14:51:17.984: Widget reports min width of 459 for height of 618, but overall min width of 514

(dotnet:20061): Gtk-WARNING **: 14:51:17.991: Widget reports min width of 459 for height of 618, but overall min width of 514

(dotnet:20061): Gtk-WARNING **: 14:51:17.998: Widget reports min width of 459 for height of 618, but overall min width of 514

(dotnet:20061): Gtk-WARNING **: 14:51:32.597: Widget reports min width of 459 for height of 618, but overall min width of 514

(dotnet:20061): GLib-GIO-WARNING **: 14:52:02.209: Error creating IO channel for /proc/self/mountinfo: Permission denied (g-file-error-quark, 2)

(dotnet:20061): Gtk-WARNING **: 14:52:49.447: Widget reports min width of 459 for height of 618, but overall min width of 514

(dotnet:20061): Gtk-WARNING **: 14:53:44.573: Widget reports min width of 459 for height of 618, but overall min width of 514

(dotnet:20061): Gtk-WARNING **: 14:53:54.657: Widget reports min width of 459 for height of 618, but overall min width of 514

(dotnet:20061): Gtk-WARNING **: 14:53:54.678: Widget reports min width of 459 for height of 618, but overall min width of 514

(onenote-desktop-sahil:28157): Gtk-WARNING **: 20:14:33.517: Theme parsing error: gtk.css:1413:23: 'font-feature-settings' is not a valid property name

(onenote-desktop-sahil:28157): Gtk-WARNING **: 20:14:33.519: Theme parsing error: gtk.css:3286:25: 'font-feature-settings' is not a valid property name

(onenote-desktop-sahil:28157): Gtk-WARNING **: 20:14:33.520: Theme parsing error: gtk.css:3748:23: 'font-feature-settings' is not a valid property name
[2026-04-20 20:14:33.976] [info]  app starting
[28335:0420/201449.874012:ERROR:ssl_client_socket_impl.cc(978)] handshake failed; returned -1, SSL error code 1, net_error -101

(onenote-desktop-sahil:19640): Gtk-WARNING **: 17:45:30.235: Theme parsing error: gtk.css:1413:23: 'font-feature-settings' is not a valid property name

(onenote-desktop-sahil:19640): Gtk-WARNING **: 17:45:30.238: Theme parsing error: gtk.css:3286:25: 'font-feature-settings' is not a valid property name

(onenote-desktop-sahil:19640): Gtk-WARNING **: 17:45:30.238: Theme parsing error: gtk.css:3748:23: 'font-feature-settings' is not a valid property name
[2026-04-21 17:45:30.734] [info]  app starting
[19786:0421/174546.228185:ERROR:ssl_client_socket_impl.cc(978)] handshake failed; returned -1, SSL error code 1, net_error -101
[19786:0421/213355.229172:ERROR:ssl_client_socket_impl.cc(978)] handshake failed; returned -1, SSL error code 1, net_error -101
